madr init
docs/decisions/0001-record-architecture-decisions-with-madr.md
madr new First Record
docs/decisions/0002-first-record.md
madr new -s 1 Second Record
docs/decisions/0003-second-record.md
madr status
0001-record-architecture-decisions-with-madr.md    Superseded by [0003-second-record.md](0003-second-record.md)
0002-first-record.md                               Proposed
0003-second-record.md                              Proposed. Supersedes [0001-record-architecture-decisions-with-madr.md](0001-record-architecture-decisions-with-madr.md)
